<?xml version="1.0" encoding="utf-8"?><testsuites name="pytest tests"><testsuite name="pytest" errors="0" failures="0" skipped="0" tests="3" time="0.048" timestamp="2026-01-30T09:31:17.550915+11:00" hostname="neoAp201"><testcase classname="tests.test_dummy" name="test_module_import" time="0.001" /><testcase classname="tests.test_dummy" name="test_cli_main" time="0.001" /><testcase classname="tests.test_dummy" name="test_cli_entry_point" time="0.000" /></testsuite></testsuites>